// Jest Snapshot v1, https://goo.gl/fbAQLP

exports[`MonstersListScreen should match snapshot 1`] = `
<RNCSafeAreaView
  edges={
    {
      "bottom": "additive",
      "left": "additive",
      "right": "additive",
      "top": "off",
    }
  }
  style={
    {
      "flex": 1,
    }
  }
>
  <View
    collapsable={false}
    onLayout={[Function]}
    style={
      {
        "flex": 1,
        "overflow": "hidden",
      }
    }
  >
    <RCTScrollView
      collapsable={false}
      contentContainerStyle={
        {
          "marginTop": 12,
        }
      }
      keyExtractor={[Function]}
      maintainVisibleContentPosition={
        {
          "minIndexForVisible": 0,
        }
      }
      onScroll={[Function]}
      scrollEventThrottle={0.0001}
    >
      <View>
        <View
          style={
            {
              "height": 0,
              "left": 0,
              "position": "absolute",
              "top": 1000000,
            }
          }
        />
        <View
          style={
            {
              "height": 0,
              "width": undefined,
            }
          }
        />
        <View
          style={
            {
              "height": 0,
              "marginLeft": undefined,
              "marginTop": 0,
              "opacity": 1,
              "width": undefined,
            }
          }
        >
          <View
            index={0}
            onLayout={[Function]}
            style={
              {
                "flexDirection": "column",
                "height": undefined,
                "left": 0,
                "maxHeight": undefined,
                "maxWidth": undefined,
                "minHeight": undefined,
                "minWidth": undefined,
                "position": "absolute",
                "top": 0,
                "width": 0,
              }
            }
          >
            <View
              accessibilityState={
                {
                  "busy": undefined,
                  "checked": undefined,
                  "disabled": undefined,
                  "expanded": undefined,
                  "selected": undefined,
                }
              }
              accessibilityValue={
                {
                  "max": undefined,
                  "min": undefined,
                  "now": undefined,
                  "text": undefined,
                }
              }
              accessible={true}
              collapsable={false}
              focusable={true}
              onClick={[Function]}
              onResponderGrant={[Function]}
              onResponderMove={[Function]}
              onResponderRelease={[Function]}
              onResponderTerminate={[Function]}
              onResponderTerminationRequest={[Function]}
              onStartShouldSetResponder={[Function]}
              style={
                {
                  "backgroundColor": "#2a5879",
                  "borderRadius": 10,
                  "borderWidth": 1,
                  "flex": 1,
                  "flexDirection": "row",
                  "height": 120,
                  "marginHorizontal": 20,
                  "opacity": 1,
                }
              }
            >
              <ViewManagerAdapter_ExpoImage
                borderBottomLeftRadius={10}
                borderTopLeftRadius={10}
                containerViewRef={"[React.ref]"}
                contentFit="cover"
                contentPosition={
                  {
                    "left": "50%",
                    "top": "50%",
                  }
                }
                height="auto"
                nativeViewRef={"[React.ref]"}
                onError={[Function]}
                onLoad={[Function]}
                onLoadStart={[Function]}
                onProgress={[Function]}
                placeholder={
                  [
                    {
                      "testUri": "../../../src/assets/images/placeholder.png",
                    },
                  ]
                }
                placeholderContentFit="contain"
                source={
                  [
                    {
                      "uri": undefined,
                    },
                  ]
                }
                style={
                  {
                    "borderBottomLeftRadius": 10,
                    "borderTopLeftRadius": 10,
                    "height": "auto",
                    "width": 118,
                  }
                }
                transition={
                  {
                    "duration": 200,
                  }
                }
                width={118}
              />
              <View
                style={
                  {
                    "flex": 1,
                    "height": 100,
                    "marginHorizontal": 12,
                    "width": "100%",
                  }
                }
              >
                <Text
                  style={
                    [
                      {
                        "color": "#E2DED3",
                        "fontFamily": "Hylia",
                      },
                      undefined,
                      undefined,
                      undefined,
                      {
                        "fontSize": 20,
                        "fontWeight": "bold",
                      },
                      undefined,
                      {
                        "marginBottom": 6,
                      },
                    ]
                  }
                >
                  myMonster
                </Text>
                <Text
                  ellipsizeMode="tail"
                  numberOfLines={3}
                  style={
                    [
                      {
                        "color": "#E2DED3",
                        "fontFamily": "Hylia",
                      },
                      {
                        "fontFamily": "default",
                        "fontSize": 16,
                        "lineHeight": 24,
                      },
                      undefined,
                      undefined,
                      undefined,
                      undefined,
                      undefined,
                    ]
                  }
                />
              </View>
            </View>
          </View>
        </View>
      </View>
    </RCTScrollView>
  </View>
</RNCSafeAreaView>
`;

exports[`MonstersListScreen should match snapshot when empty 1`] = `
<RNCSafeAreaView
  edges={
    {
      "bottom": "additive",
      "left": "additive",
      "right": "additive",
      "top": "off",
    }
  }
  style={
    {
      "flex": 1,
    }
  }
>
  <Text
    style={
      [
        {
          "color": "#E2DED3",
          "fontFamily": "Hylia",
        },
        {
          "fontFamily": "default",
          "fontSize": 16,
          "lineHeight": 24,
        },
        undefined,
        undefined,
        undefined,
        undefined,
        undefined,
      ]
    }
  >
    List Empty
  </Text>
</RNCSafeAreaView>
`;
